10:34:17 **** Incremental Build of configuration Debug for project LAB5_UART ****
make -j20 all 
arm-none-eabi-gcc "../Core/Src/command_parser_fsm.c" -mcpu=cortex-m3 -std=gnu11 -g3 -DDEBUG -DUSE_HAL_DRIVER -DSTM32F103x6 -c -I../Core/Inc -I../Drivers/STM32F1xx_HAL_Driver/Inc -I../Drivers/STM32F1xx_HAL_Driver/Inc/Legacy -I../Drivers/CMSIS/Device/ST/STM32F1xx/Include -I../Drivers/CMSIS/Include -O0 -ffunction-sections -fdata-sections -Wall -fstack-usage -MMD -MP -MF"Core/Src/command_parser_fsm.d" -MT"Core/Src/command_parser_fsm.o" --specs=nano.specs -mfloat-abi=soft -mthumb -o "Core/Src/command_parser_fsm.o"
arm-none-eabi-gcc "../Core/Src/global.c" -mcpu=cortex-m3 -std=gnu11 -g3 -DDEBUG -DUSE_HAL_DRIVER -DSTM32F103x6 -c -I../Core/Inc -I../Drivers/STM32F1xx_HAL_Driver/Inc -I../Drivers/STM32F1xx_HAL_Driver/Inc/Legacy -I../Drivers/CMSIS/Device/ST/STM32F1xx/Include -I../Drivers/CMSIS/Include -O0 -ffunction-sections -fdata-sections -Wall -fstack-usage -MMD -MP -MF"Core/Src/global.d" -MT"Core/Src/global.o" --specs=nano.specs -mfloat-abi=soft -mthumb -o "Core/Src/global.o"
arm-none-eabi-gcc -o "LAB5_UART.elf" @"objects.list"   -mcpu=cortex-m3 -T"D:\1\Dai_Hoc\VXL\STM32LAB5\LAB5_UART\STM32F103C6UX_FLASH.ld" --specs=nosys.specs -Wl,-Map="LAB5_UART.map" -Wl,--gc-sections -static --specs=nano.specs -mfloat-abi=soft -mthumb -Wl,--start-group -lc -lm -Wl,--end-group
Finished building target: LAB5_UART.elf
 
arm-none-eabi-size   LAB5_UART.elf 
arm-none-eabi-objdump -h -S  LAB5_UART.elf  > "LAB5_UART.list"
arm-none-eabi-objcopy  -O ihex  LAB5_UART.elf  "LAB5_UART.hex"
   text	   data	    bss	    dec	    hex	filename
  16488	    120	   1912	  18520	   4858	LAB5_UART.elf
arm-none-eabi-objcopy  -O binary  LAB5_UART.elf  "LAB5_UART.bin"
Finished building: default.size.stdout
 
Finished building: LAB5_UART.hex
Finished building: LAB5_UART.bin
 
 
Finished building: LAB5_UART.list
 

10:34:18 Build Finished. 0 errors, 0 warnings. (took 601ms)

